// Jest Snapshot v1, https://goo.gl/fbAQLP

exports[`ProductPage should render product details 1`] = `
<div>
  <div
    class="MuiContainer-root MuiContainer-maxWidthXl css-1yk8vz4-MuiContainer-root"
  >
    <div
      class="MuiGrid-root MuiGrid-container css-m9nwi6-MuiGrid-root"
    >
      <div
        class="MuiGrid-root MuiGrid-container MuiGrid-item MuiGrid-grid-xs-12 MuiGrid-grid-sm-5.5 css-e87de7-MuiGrid-root"
      >
        <img
          alt="product-image"
          data-nimg="1"
          decoding="async"
          height="300"
          loading="lazy"
          sizes="100vw"
          src="/_next/image?url=https%3A%2F%2Ffakestoreapi.com%2Fimg%2F61U7T1koQqL._AC_SX679_.jpg&w=3840&q=75"
          srcset="/_next/image?url=https%3A%2F%2Ffakestoreapi.com%2Fimg%2F61U7T1koQqL._AC_SX679_.jpg&w=640&q=75 640w, /_next/image?url=https%3A%2F%2Ffakestoreapi.com%2Fimg%2F61U7T1koQqL._AC_SX679_.jpg&w=750&q=75 750w, /_next/image?url=https%3A%2F%2Ffakestoreapi.com%2Fimg%2F61U7T1koQqL._AC_SX679_.jpg&w=828&q=75 828w, /_next/image?url=https%3A%2F%2Ffakestoreapi.com%2Fimg%2F61U7T1koQqL._AC_SX679_.jpg&w=1080&q=75 1080w, /_next/image?url=https%3A%2F%2Ffakestoreapi.com%2Fimg%2F61U7T1koQqL._AC_SX679_.jpg&w=1200&q=75 1200w, /_next/image?url=https%3A%2F%2Ffakestoreapi.com%2Fimg%2F61U7T1koQqL._AC_SX679_.jpg&w=1920&q=75 1920w, /_next/image?url=https%3A%2F%2Ffakestoreapi.com%2Fimg%2F61U7T1koQqL._AC_SX679_.jpg&w=2048&q=75 2048w, /_next/image?url=https%3A%2F%2Ffakestoreapi.com%2Fimg%2F61U7T1koQqL._AC_SX679_.jpg&w=3840&q=75 3840w"
          style="color: transparent; width: 100%; height: 100%; object-fit: contain; border-radius: 10px;"
          width="500"
        />
      </div>
      <div
        class="MuiGrid-root MuiGrid-container MuiGrid-item MuiGrid-grid-xs-12 MuiGrid-grid-sm-5.5 css-110rxua-MuiGrid-root"
      >
        <div
          class="MuiStack-root css-nen11g-MuiStack-root"
        >
          <h1
            class="MuiTypography-root MuiTypography-h4 css-5lbw0b-MuiTypography-root"
          >
            Test Product
          </h1>
          <h1
            class="MuiTypography-root MuiTypography-h6 css-tjvwag-MuiTypography-root"
          >
            $
            110
          </h1>
          <h1
            class="MuiTypography-root MuiTypography-subtitle1 css-10wpov9-MuiTypography-root"
          >
            Test Description
          </h1>
        </div>
        <div
          class="MuiBox-root css-uwwqev"
        >
          <button
            class="MuiButtonBase-root MuiButton-root MuiButton-contained MuiButton-containedPrimary MuiButton-sizeMedium MuiButton-containedSizeMedium MuiButton-colorPrimary MuiButton-fullWidth MuiButton-root MuiButton-contained MuiButton-containedPrimary MuiButton-sizeMedium MuiButton-containedSizeMedium MuiButton-colorPrimary MuiButton-fullWidth css-1fu7jd5-MuiButtonBase-root-MuiButton-root"
            tabindex="0"
            type="button"
          >
            Pay with credit card
            <span
              class="MuiTouchRipple-root css-8je8zh-MuiTouchRipple-root"
            />
          </button>
          <div
            class="PrivateSwipeArea-root css-17j2vre"
            style="height: 20px;"
          />
          <div
            class="MuiBox-root css-188yn3u"
          >
            <div
              class="MuiBox-root css-pwmwbi"
            />
            <p
              class="MuiTypography-root MuiTypography-body1 css-1nbvpvo-MuiTypography-root"
            >
              Checkout
            </p>
          </div>
        </div>
      </div>
    </div>
  </div>
</div>
`;
